python working example output
-----------------------------
./parse.py test_message
n
d0c0 20d4 76fc 0939 7144 7a77 6bd6 c544 cf44 3f22 1335 0bfb 8eba 0f86 440d 1dd3 
2ae2 de63 f973 6ce6 8293 a40d 075b 123a cc08 57be 2196 2489 2ec7 2e2a 681f 39c4 
6dca 4697 ff79 b06d 5097 1988 9917 fdcf 2aff 81e8 fc1e 60ef 0201 71da 2200 db93 
4fc2 b6b0 fd50 8179 3ba2 84b8 c9cf df11 85b7 23c8 83af b56f 46ae 4979 6aef 7e73 
f4ff 29fc e15d 2eab 2c49 f57f 3c31 72bf 0358 8110 ea2c 6312 1257 e8f9 d343 2f65 
5e23 c41e 86c0 21d9 c1ca 3edc d329 2e24 3b3c dc08 f207 7a31 f1ec f099 10e7 8032 
592b da6c 126a abfc 192f f2f1 1fe8 f56e 5ca0 14a9 a745 fbfa 1d42 f02a b945 f7bb 
4e9c b644 157d 5561 3145 83e4 7730 ff3c 6987 5183 7446 a635 d0a3 33fd f9f1 d1b1 

msg
7465 7374 5f6d 6573 7361 6765 
encoded1
7e5a 3eff 1ee7 e346 87af d7db 9721 ec7e b114 452d 4b1b 87bd c68a a826 a364 ef13 
32a6 c353 14db f63b 1204 403c d423 e8a7 d1e8 bc19 074c 282e 0f14 c65f 8fda aaa5 
ca0b 8563 71bf 6ac9 a364 c3e8 91c8 d244 40fc 257a d2de d185 37d3 a839 012a 60b4 
c977 2cbf a729 2999 5bc2 fcfd ead5 3343 3018 7945 3beb 3150 bc2d 6c28 1c51 7ac4 
6e7d ece4 70dc edf1 c0d9 f7e6 7e5c 8daf 22f5 ea40 d7e8 c93f 1a23 dbdd 1de1 a215 
1261 a1d7 f97e 17e3 e9e6 17fd 70c2 9bbb 42c6 4e9e c94a 2ea0 51c3 e24b 231a fdd9 
f2aa 2584 4675 55dd 6612 fdd7 a376 6203 46e0 7c33 8a34 a8c6 5533 5bdf 41a8 200b 
c82c 876b 9ed0 1b2d 6911 e803 144c 6df8 f525 39be e067 6d11 89a4 355c 39e6 2415 

decoded
7465 7374 5f6d 6573 7361 6765 
test_message


c lib with changing endian out
------------------------------
m
0000 0000 0000 0000 0000 0000 0000 0000 0000 0000 0000 0000 0000 0000 0000 0000 
0000 0000 0000 0000 0000 0000 0000 0000 0000 0000 0000 0000 0000 0000 0000 0000 
0000 0000 0000 0000 0000 0000 0000 0000 0000 0000 0000 0000 0000 0000 0000 0000 
0000 0000 0000 0000 0000 0000 0000 0000 0000 0000 0000 0000 0000 0000 0000 0000 
0000 0000 0000 0000 0000 0000 0000 0000 0000 0000 0000 0000 0000 0000 0000 0000 
0000 0000 0000 0000 0000 0000 0000 0000 0000 0000 0000 0000 0000 0000 0000 0000 
0000 0000 0000 0000 0000 0000 0000 0000 0000 0000 0000 0000 0000 0000 0000 0000 
0000 0000 0000 0000 0000 0000 0000 0000 0000 0000 6574 7473 6d5f 7365 6173 6567 

n
c0d0 d420 fc76 3909 4471 777a d66b 44c5 44cf 223f 3513 fb0b ba8e 860f 0d44 d31d 
e22a 63de 73f9 e66c 9382 0da4 5b07 3a12 08cc be57 9621 8924 c72e 2a2e 1f68 c439 
ca6d 9746 79ff 6db0 9750 8819 1799 cffd ff2a e881 1efc ef60 0102 da71 0022 93db 
c24f b0b6 50fd 7981 a23b b884 cfc9 11df b785 c823 af83 6fb5 ae46 7949 ef6a 737e 
fff4 fc29 5de1 ab2e 492c 7ff5 313c bf72 5803 1081 2cea 1263 5712 f9e8 43d3 652f 
235e 1ec4 c086 d921 cac1 dc3e 29d3 242e 3c3b 08dc 07f2 317a ecf1 99f0 e710 3280 
2b59 6cda 6a12 fcab 2f19 f1f2 e81f 6ef5 a05c a914 45a7 fafb 421d 2af0 45b9 bbf7 
9c4e 44b6 7d15 6155 4531 e483 3077 3cff 8769 8351 4674 35a6 a3d0 fd33 f1f9 b1d1 


res
9b90 8298 c3bd eb2c 8143 de1d 70dd d1e4 9f9c 8867 5838 eed9 c0c8 d119 de53 e7ef 
46da 229f 830d 1e80 6dd3 5f9a 6cd5 6f50 d12b 3056 ac7c f9c2 3eac 0745 6bba 2fcd 
30ca 4196 29be a051 97f5 2760 3191 4d68 419c d3e3 15fb a23d 36ba 0495 0a6b d5d5 
e746 a2be c49c ac7f 2201 8bea a87d b06a 6b74 a8f3 38ac e647 a1cd 76b6 4f0c c303 
7eb4 dcbd a3d4 e236 a877 7fae 27c8 f03c 60f7 4caf 0580 9c45 eda1 e40b 402b a088 
cc92 5def b46c 069a 669e 8d84 7923 a2c3 8879 6279 e7a1 e6ec 1388 adf5 267d f07c 
2718 2e3f 493b 88e1 642a c552 de61 a1ff ef04 d425 b970 dace 9f69 b05c 746a d55e 
9d3b 79b2 5aea 0ed8 3748 8908 d0d0 c5ec 42ff 28e0 3ac6 ceaf d678 6b4e 6b94 0eb5 


c lib without changing endian
-----------------------------
m
0000 0000 0000 0000 0000 0000 0000 0000 0000 0000 0000 0000 0000 0000 0000 0000 
0000 0000 0000 0000 0000 0000 0000 0000 0000 0000 0000 0000 0000 0000 0000 0000 
0000 0000 0000 0000 0000 0000 0000 0000 0000 0000 0000 0000 0000 0000 0000 0000 
0000 0000 0000 0000 0000 0000 0000 0000 0000 0000 0000 0000 0000 0000 0000 0000 
0000 0000 0000 0000 0000 0000 0000 0000 0000 0000 0000 0000 0000 0000 0000 0000 
0000 0000 0000 0000 0000 0000 0000 0000 0000 0000 0000 0000 0000 0000 0000 0000 
0000 0000 0000 0000 0000 0000 0000 0000 0000 0000 0000 0000 0000 0000 0000 0000 
0000 0000 0000 0000 0000 0000 0000 0000 0000 0000 7465 7374 5f6d 6573 7361 6765 

n
d0c0 20d4 76fc 0939 7144 7a77 6bd6 c544 cf44 3f22 1335 0bfb 8eba 0f86 440d 1dd3 
2ae2 de63 f973 6ce6 8293 a40d 075b 123a cc08 57be 2196 2489 2ec7 2e2a 681f 39c4 
6dca 4697 ff79 b06d 5097 1988 9917 fdcf 2aff 81e8 fc1e 60ef 0201 71da 2200 db93 
4fc2 b6b0 fd50 8179 3ba2 84b8 c9cf df11 85b7 23c8 83af b56f 46ae 4979 6aef 7e73 
f4ff 29fc e15d 2eab 2c49 f57f 3c31 72bf 0358 8110 ea2c 6312 1257 e8f9 d343 2f65 
5e23 c41e 86c0 21d9 c1ca 3edc d329 2e24 3b3c dc08 f207 7a31 f1ec f099 10e7 8032 
592b da6c 126a abfc 192f f2f1 1fe8 f56e 5ca0 14a9 a745 fbfa 1d42 f02a b945 f7bb 
4e9c b644 157d 5561 3145 83e4 7730 ff3c 6987 5183 7446 a635 d0a3 33fd f9f1 d1b1 


res
9480 60f4 3213 af34 e18c c859 8ea0 0b42 9ea9 7564 29f3 4487 8b02 bf87 70c0 f125 
450b 7ee5 9e07 f091 92f0 7544 7170 a63e 063a afab 42ad f18e c7cb a2dd d260 6f57 
cd4a 1eb4 4aa8 5b93 7704 7fdd 5243 77e3 e96a 0651 6b70 5bf5 ea92 458c 3381 9e65 
d60f f9ae 52f7 cd62 2530 d63b 34f4 d6ca aac4 f527 1c4b 6ea6 3221 1273 6ae6 c821 
e34b 0ffa b958 5ecc 883c a6f2 94b2 c908 9706 fb73 9370 1498 a676 f8f9 2d08 4c60 
291d e18d de68 90a9 72b6 9bc3 addf 0440 38c0 b33d fbcf 8451 a31a 52c7 cb6e d9f3 
fc5d 704e d21b 21bb 5476 d97c eaf3 7a6f d3e3 40c6 e868 5168 d496 541f 4f27 cbab 
1faa dd33 5b59 30a0 b2ad ae46 cfec 5e6d 0e68 eb58 56a1 894e 3e56 2d38 18b2 6b32 

